// Jest Snapshot v1, https://goo.gl/fbAQLP

exports[`PaletteBuild renders correctly 1`] = `
ShallowWrapper {
  Symbol(enzyme.__root__): [Circular],
  Symbol(enzyme.__unrendered__): <PaletteBuild
    addCardToLibrary={[MockFunction]}
    currentUser={true}
    history={Object {}}
    library={Array []}
  />,
  Symbol(enzyme.__renderer__): Object {
    "batchedUpdates": [Function],
    "getNode": [Function],
    "render": [Function],
    "simulateEvent": [Function],
    "unmount": [Function],
  },
  Symbol(enzyme.__node__): Object {
    "instance": null,
    "key": undefined,
    "nodeType": "host",
    "props": Object {
      "children": Array [
        <Link
          replace={false}
          to="/"
        >
          <BackButton
            onClick={null}
          />
        </Link>,
        <div
          className="drop-zone "
          onDragLeave={[Function]}
          onDragOver={[Function]}
          onDrop={[Function]}
        >
          <DropZoneContent
            handleImageDrop={[Function]}
            imageAlert={false}
          />
        </div>,
        false,
      ],
      "className": "palette-build",
    },
    "ref": null,
    "rendered": Array [
      Object {
        "instance": null,
        "key": undefined,
        "nodeType": "class",
        "props": Object {
          "children": <BackButton
            onClick={null}
          />,
          "replace": false,
          "to": "/",
        },
        "ref": null,
        "rendered": Object {
          "instance": null,
          "key": undefined,
          "nodeType": "function",
          "props": Object {
            "onClick": null,
          },
          "ref": null,
          "rendered": null,
          "type": [Function],
        },
        "type": [Function],
      },
      Object {
        "instance": null,
        "key": undefined,
        "nodeType": "host",
        "props": Object {
          "children": <DropZoneContent
            handleImageDrop={[Function]}
            imageAlert={false}
          />,
          "className": "drop-zone ",
          "onDragLeave": [Function],
          "onDragOver": [Function],
          "onDrop": [Function],
        },
        "ref": null,
        "rendered": Object {
          "instance": null,
          "key": undefined,
          "nodeType": "function",
          "props": Object {
            "handleImageDrop": [Function],
            "imageAlert": false,
          },
          "ref": null,
          "rendered": null,
          "type": [Function],
        },
        "type": "div",
      },
      false,
    ],
    "type": "div",
  },
  Symbol(enzyme.__nodes__): Array [
    Object {
      "instance": null,
      "key": undefined,
      "nodeType": "host",
      "props": Object {
        "children": Array [
          <Link
            replace={false}
            to="/"
          >
            <BackButton
              onClick={null}
            />
          </Link>,
          <div
            className="drop-zone "
            onDragLeave={[Function]}
            onDragOver={[Function]}
            onDrop={[Function]}
          >
            <DropZoneContent
              handleImageDrop={[Function]}
              imageAlert={false}
            />
          </div>,
          false,
        ],
        "className": "palette-build",
      },
      "ref": null,
      "rendered": Array [
        Object {
          "instance": null,
          "key": undefined,
          "nodeType": "class",
          "props": Object {
            "children": <BackButton
              onClick={null}
            />,
            "replace": false,
            "to": "/",
          },
          "ref": null,
          "rendered": Object {
            "instance": null,
            "key": undefined,
            "nodeType": "function",
            "props": Object {
              "onClick": null,
            },
            "ref": null,
            "rendered": null,
            "type": [Function],
          },
          "type": [Function],
        },
        Object {
          "instance": null,
          "key": undefined,
          "nodeType": "host",
          "props": Object {
            "children": <DropZoneContent
              handleImageDrop={[Function]}
              imageAlert={false}
            />,
            "className": "drop-zone ",
            "onDragLeave": [Function],
            "onDragOver": [Function],
            "onDrop": [Function],
          },
          "ref": null,
          "rendered": Object {
            "instance": null,
            "key": undefined,
            "nodeType": "function",
            "props": Object {
              "handleImageDrop": [Function],
              "imageAlert": false,
            },
            "ref": null,
            "rendered": null,
            "type": [Function],
          },
          "type": "div",
        },
        false,
      ],
      "type": "div",
    },
  ],
  Symbol(enzyme.__options__): Object {
    "adapter": ReactSixteenAdapter {
      "options": Object {
        "enableComponentDidUpdateOnSetState": true,
        "lifecycles": Object {
          "componentDidUpdate": Object {
            "onSetState": true,
          },
          "getSnapshotBeforeUpdate": true,
        },
      },
    },
    "attachTo": undefined,
    "hydrateIn": undefined,
  },
}
`;
